This is pdfTeX, Version 3.141592653-2.6-1.40.28 (MiKTeX 25.12 Portable) (preloaded format=pdflatex 2026.5.23)  19 SEP 2026 13:03
entering extended mode
 restricted \write18 enabled.
 %&-line parsing enabled.
**./paper.tex
(paper.tex
LaTeX2e <2025-11-01>
L3 programming layer <2025-12-24>
(Definitions/mdpi.cls
Document Class: Definitions/mdpi 20/03/2024 MDPI paper class

(C:\Users\VivoBook\scoop\apps\miktex\current\texmfs\install\tex/latex/base\arti
cle.cls
Document Class: article 2025/01/22 v1.4n Standard LaTeX document class

(C:\Users\VivoBook\scoop\apps\miktex\current\texmfs\install\tex/latex/base\size
10.clo
File: size10.clo 2025/01/22 v1.4n Standard LaTeX file (size option)
)
\c@part=\count275
\c@section=\count276
\c@subsection=\count277
\c@subsubsection=\count278
\c@paragraph=\count279
\c@subparagraph=\count280
\c@figure=\count281
\c@table=\count282
\abovecaptionskip=\skip49
\belowcaptionskip=\skip50
\bibindent=\dimen148
)
(C:\Users\VivoBook\scoop\apps\miktex\current\texmfs\install\tex/latex/base\font
enc.sty
Package: fontenc 2025/07/18 v2.1d Standard LaTeX package
)
(C:\Users\VivoBook\scoop\apps\miktex\current\texmfs\install\tex/latex/base\inpu
tenc.sty
Package: inputenc 2024/02/08 v1.3d Input encoding file
\inpenc@prehook=\toks17
\inpenc@posthook=\toks18
)
(C:\Users\VivoBook\scoop\apps\miktex\current\texmfs\install\tex/latex/tools\cal
c.sty
Package: calc 2025/03/01 v4.3b Infix arithmetic (KKT,FJ)
\calc@Acount=\count283
\calc@Bcount=\count284
\calc@Adimen=\dimen149
\calc@Bdimen=\dimen150
\calc@Askip=\skip51
\calc@Bskip=\skip52
LaTeX Info: Redefining \setlength on input line 86.
LaTeX Info: Redefining \addtolength on input line 87.
\calc@Ccount=\count285
\calc@Cskip=\skip53
)
(C:\Users\VivoBook\scoop\apps\miktex\current\texmfs\install\tex/latex/tools\ind
entfirst.sty
Package: indentfirst 2023/07/02 v1.03 Indent first paragraph (DPC)
)
(C:\Users\VivoBook\scoop\apps\miktex\current\texmfs\install\tex/latex/fancyhdr\
fancyhdr.sty
Package: fancyhdr 2025/02/07 v5.2 Extensive control of page headers and footers

\f@nch@headwidth=\skip54
\f@nch@offset@elh=\skip55
\f@nch@offset@erh=\skip56
\f@nch@offset@olh=\skip57
\f@nch@offset@orh=\skip58
\f@nch@offset@elf=\skip59
\f@nch@offset@erf=\skip60
\f@nch@offset@olf=\skip61
\f@nch@offset@orf=\skip62
\f@nch@height=\skip63
\f@nch@footalignment=\skip64
\f@nch@widthL=\skip65
\f@nch@widthC=\skip66
\f@nch@widthR=\skip67
\@temptokenb=\toks19
)
(C:\Users\VivoBook\scoop\apps\miktex\current\texmfs\install\tex/latex/graphics\
graphicx.sty
Package: graphicx 2024/12/31 v1.2e Enhanced LaTeX Graphics (DPC,SPQR)

(C:\Users\VivoBook\scoop\apps\miktex\current\texmfs\install\tex/latex/graphics\
keyval.sty
Package: keyval 2022/05/29 v1.15 key=value parser (DPC)
\KV@toks@=\toks20
)
(C:\Users\VivoBook\scoop\apps\miktex\current\texmfs\install\tex/latex/graphics\
graphics.sty
Package: graphics 2024/08/06 v1.4g Standard LaTeX Graphics (DPC,SPQR)

(C:\Users\VivoBook\scoop\apps\miktex\current\texmfs\install\tex/latex/graphics\
trig.sty
Package: trig 2023/12/02 v1.11 sin cos tan (DPC)
)
(C:\Users\VivoBook\scoop\apps\miktex\current\texmfs\install\tex/latex/graphics-
cfg\graphics.cfg
File: graphics.cfg 2016/06/04 v1.11 sample graphics configuration
)
Package graphics Info: Driver file: pdftex.def on input line 106.

(C:\Users\VivoBook\scoop\apps\miktex\current\texmfs\install\tex/latex/graphics-
def\pdftex.def
File: pdftex.def 2025/09/29 v1.2d Graphics/color driver for pdftex
))
\Gin@req@height=\dimen151
\Gin@req@width=\dimen152
)
(C:\Users\VivoBook\scoop\apps\miktex\current\texmfs\install\tex/latex/epstopdf-
pkg\epstopdf.sty
Package: epstopdf 2020-01-24 v2.11 Conversion with epstopdf on the fly (HO)

(C:\Users\VivoBook\scoop\apps\miktex\current\texmfs\install\tex/generic/infware
rr\infwarerr.sty
Package: infwarerr 2019/12/03 v1.5 Providing info/warning/error messages (HO)
)
(C:\Users\VivoBook\scoop\apps\miktex\current\texmfs\install\tex/latex/grfext\gr
fext.sty
Package: grfext 2019/12/03 v1.3 Manage graphics extensions (HO)

(C:\Users\VivoBook\scoop\apps\miktex\current\texmfs\install\tex/generic/kvdefin
ekeys\kvdefinekeys.sty
Package: kvdefinekeys 2019-12-19 v1.6 Define keys (HO)
))
(C:\Users\VivoBook\scoop\apps\miktex\current\texmfs\install\tex/latex/kvoptions
\kvoptions.sty
Package: kvoptions 2022-06-15 v3.15 Key value format for package options (HO)

(C:\Users\VivoBook\scoop\apps\miktex\current\texmfs\install\tex/generic/ltxcmds
\ltxcmds.sty
Package: ltxcmds 2023-12-04 v1.26 LaTeX kernel commands for general use (HO)
)
(C:\Users\VivoBook\scoop\apps\miktex\current\texmfs\install\tex/latex/kvsetkeys
\kvsetkeys.sty
Package: kvsetkeys 2022-10-05 v1.19 Key value parser (HO)
))
(C:\Users\VivoBook\scoop\apps\miktex\current\texmfs\install\tex/generic/pdftexc
mds\pdftexcmds.sty
Package: pdftexcmds 2020-06-27 v0.33 Utility functions of pdfTeX for LuaTeX (HO
)

(C:\Users\VivoBook\scoop\apps\miktex\current\texmfs\install\tex/generic/iftex\i
ftex.sty
Package: iftex 2024/12/12 v1.0g TeX engine tests
)
Package pdftexcmds Info: \pdf@primitive is available.
Package pdftexcmds Info: \pdf@ifprimitive is available.
Package pdftexcmds Info: \pdfdraftmode found.
)
(C:\Users\VivoBook\scoop\apps\miktex\current\texmfs\install\tex/latex/epstopdf-
pkg\epstopdf-base.sty
Package: epstopdf-base 2020-01-24 v2.11 Base part for package epstopdf
Package epstopdf-base Info: Redefining graphics rule for `.eps' on input line 4
85.
Package grfext Info: Graphics extension search list:
(grfext)             [.pdf,.png,.jpg,.mps,.jpeg,.jbig2,.jb2,.PDF,.PNG,.JPG,.JPE
G,.JBIG2,.JB2,.eps]
(grfext)             \AppendGraphicsExtensions on input line 504.

(C:\Users\VivoBook\scoop\apps\miktex\current\texmfs\install\tex/latex/00miktex\
epstopdf-sys.cfg
File: epstopdf-sys.cfg 2021/03/18 v2.0 Configuration of epstopdf for MiKTeX
)))
(C:\Users\VivoBook\scoop\apps\miktex\current\texmfs\install\tex/latex/lastpage\
lastpage.sty
Package: lastpage 2025/08/14 v2.1h lastpage: 2.09 or 2e? (HMM)

(C:\Users\VivoBook\scoop\apps\miktex\current\texmfs\install\tex/latex/lastpage\
lastpage2e.sty
Package: lastpage2e 2025/08/14 v2.1h Decide which 2e lastpage version to use (H
MM)

(C:\Users\VivoBook\scoop\apps\miktex\current\texmfs\install\tex/latex/lastpage\
lastpagemodern.sty
Package: lastpagemodern 2025-08-14 v2.1h Refers to last page's name (HMM; JPG)
\c@lastpagecount=\count286
) 
))
(C:\Users\VivoBook\scoop\apps\miktex\current\texmfs\install\tex/latex/base\ifth
en.sty
Package: ifthen 2024/03/16 v1.1e Standard LaTeX ifthen package (DPC)
)
(C:\Users\VivoBook\scoop\apps\miktex\current\texmfs\install\tex/latex/float\flo
at.sty
Package: float 2001/11/08 v1.3d Float enhancements (AL)
\c@float@type=\count287
\float@exts=\toks21
\float@box=\box53
\@float@everytoks=\toks22
\@floatcapt=\box54
)
(C:\Users\VivoBook\scoop\apps\miktex\current\texmfs\install\tex/latex/amsmath\a
msmath.sty
Package: amsmath 2025/07/09 v2.17z AMS math features
\@mathmargin=\skip68

For additional information on amsmath, use the `?' option.

(C:\Users\VivoBook\scoop\apps\miktex\current\texmfs\install\tex/latex/amsmath\a
mstext.sty
Package: amstext 2024/11/17 v2.01 AMS text

(C:\Users\VivoBook\scoop\apps\miktex\current\texmfs\install\tex/latex/amsmath\a
msgen.sty
File: amsgen.sty 1999/11/30 v2.0 generic functions
\@emptytoks=\toks23
\ex@=\dimen153
))
(C:\Users\VivoBook\scoop\apps\miktex\current\texmfs\install\tex/latex/amsmath\a
msbsy.sty
Package: amsbsy 1999/11/29 v1.2d Bold Symbols
\pmbraise@=\dimen154
)
(C:\Users\VivoBook\scoop\apps\miktex\current\texmfs\install\tex/latex/amsmath\a
msopn.sty
Package: amsopn 2022/04/08 v2.04 operator names
)
\inf@bad=\count288
LaTeX Info: Redefining \frac on input line 233.
\uproot@=\count289
\leftroot@=\count290
LaTeX Info: Redefining \overline on input line 398.
LaTeX Info: Redefining \colon on input line 409.
\classnum@=\count291
\DOTSCASE@=\count292
LaTeX Info: Redefining \ldots on input line 495.
LaTeX Info: Redefining \dots on input line 498.
LaTeX Info: Redefining \cdots on input line 619.
\Mathstrutbox@=\box55
\strutbox@=\box56
LaTeX Info: Redefining \big on input line 721.
LaTeX Info: Redefining \Big on input line 722.
LaTeX Info: Redefining \bigg on input line 723.
LaTeX Info: Redefining \Bigg on input line 724.
\big@size=\dimen155
LaTeX Font Info:    Redeclaring font encoding OML on input line 742.
LaTeX Font Info:    Redeclaring font encoding OMS on input line 743.
\macc@depth=\count293
LaTeX Info: Redefining \bmod on input line 904.
LaTeX Info: Redefining \pmod on input line 909.
LaTeX Info: Redefining \smash on input line 939.
LaTeX Info: Redefining \relbar on input line 969.
LaTeX Info: Redefining \Relbar on input line 970.
\c@MaxMatrixCols=\count294
\dotsspace@=\muskip17
\c@parentequation=\count295
\dspbrk@lvl=\count296
\tag@help=\toks24
\row@=\count297
\column@=\count298
\maxfields@=\count299
\andhelp@=\toks25
\eqnshift@=\dimen156
\alignsep@=\dimen157
\tagshift@=\dimen158
\tagwidth@=\dimen159
\totwidth@=\dimen160
\lineht@=\dimen161
\@envbody=\toks26
\multlinegap=\skip69
\multlinetaggap=\skip70
\mathdisplay@stack=\toks27
LaTeX Info: Redefining \[ on input line 2950.
LaTeX Info: Redefining \] on input line 2951.
)
(C:\Users\VivoBook\scoop\apps\miktex\current\texmfs\install\tex/latex/amsfonts\
amssymb.sty
Package: amssymb 2013/01/14 v3.01 AMS font symbols

(C:\Users\VivoBook\scoop\apps\miktex\current\texmfs\install\tex/latex/amsfonts\
amsfonts.sty
Package: amsfonts 2013/01/14 v3.01 Basic AMSFonts support
\symAMSa=\mathgroup4
\symAMSb=\mathgroup5
LaTeX Font Info:    Redeclaring math symbol \hbar on input line 98.
LaTeX Font Info:    Overwriting math alphabet `\mathfrak' in version `bold'
(Font)                  U/euf/m/n --> U/euf/b/n on input line 106.
))
(C:\Users\VivoBook\scoop\apps\miktex\current\texmfs\install\tex/latex/lineno\li
neno.sty
Package: lineno 2026/03/08 line numbers on paragraphs v5.9

(C:\Users\VivoBook\scoop\apps\miktex\current\texmfs\install\tex/latex/etoolbox\
etoolbox.sty
Package: etoolbox 2025/10/02 v2.5m e-TeX tools for LaTeX (JAW)
\etb@tempcnta=\count300
)
\linenopenalty=\count301
\output=\toks28
\linenoprevgraf=\count302
\linenumbersep=\dimen162
\linenumberwidth=\dimen163
\c@linenumber=\count303
\c@pagewiselinenumber=\count304
\c@LN@truepage=\count305
\c@internallinenumber=\count306
\c@internallinenumbers=\count307
\quotelinenumbersep=\dimen164
\bframerule=\dimen165
\bframesep=\dimen166
\bframebox=\box57
\@LN@amsmath@ams@eqpen=\count308
)
(C:\Users\VivoBook\scoop\apps\miktex\current\texmfs\install\tex/latex/setspace\
setspace.sty
Package: setspace 2022/12/04 v6.7b set line spacing
)
(C:\Users\VivoBook\scoop\apps\miktex\current\texmfs\install\tex/latex/enumitem\
enumitem.sty
Package: enumitem 2025/02/06 v3.11 Customized lists
\labelindent=\skip71
\enit@outerparindent=\dimen167
\enit@toks=\toks29
\enit@inbox=\box58
\enit@count@id=\count309
\enitdp@description=\count310
)
(C:\Users\VivoBook\scoop\apps\miktex\current\texmfs\install\tex/latex/psnfss\ma
thpazo.sty
Package: mathpazo 2020/03/25 PSNFSS-v9.3 Palatino w/ Pazo Math (D.Puga, WaS) 
\symupright=\mathgroup6
)
(C:\Users\VivoBook\scoop\apps\miktex\current\texmfs\install\tex/latex/booktabs\
booktabs.sty
Package: booktabs 2020/01/12 v1.61803398 Publication quality tables
\heavyrulewidth=\dimen168
\lightrulewidth=\dimen169
\cmidrulewidth=\dimen170
\belowrulesep=\dimen171
\belowbottomsep=\dimen172
\aboverulesep=\dimen173
\abovetopsep=\dimen174
\cmidrulesep=\dimen175
\cmidrulekern=\dimen176
\defaultaddspace=\dimen177
\@cmidla=\count311
\@cmidlb=\count312
\@aboverulesep=\dimen178
\@belowrulesep=\dimen179
\@thisruleclass=\count313
\@lastruleclass=\count314
\@thisrulewidth=\dimen180
)
(C:\Users\VivoBook\scoop\apps\miktex\current\texmfs\install\tex/latex/titlesec\
titlesec.sty
Package: titlesec 2025/01/04 v2.17 Sectioning titles
\ttl@box=\box59
\beforetitleunit=\skip72
\aftertitleunit=\skip73
\ttl@plus=\dimen181
\ttl@minus=\dimen182
\ttl@toksa=\toks30
\titlewidth=\dimen183
\titlewidthlast=\dimen184
\titlewidthfirst=\dimen185
)
(C:\Users\VivoBook\scoop\apps\miktex\current\texmfs\install\tex/latex/tabto-ltx
\tabto.sty
Package: tabto 2018/12/28  v 1.4  Another tabbing mechanism
\CurrentLineWidth=\dimen186
\TabPrevPos=\dimen187
)
(C:\Users\VivoBook\scoop\apps\miktex\current\texmfs\install\tex/latex/xcolor\xc
olor.sty
Package: xcolor 2024/09/29 v3.02 LaTeX color extensions (UK)

(C:\Users\VivoBook\scoop\apps\miktex\current\texmfs\install\tex/latex/graphics-
cfg\color.cfg
File: color.cfg 2016/01/02 v1.6 sample color configuration
)
Package xcolor Info: Driver file: pdftex.def on input line 274.

(C:\Users\VivoBook\scoop\apps\miktex\current\texmfs\install\tex/latex/graphics\
mathcolor.ltx)
Package xcolor Info: Model `cmy' substituted by `cmy0' on input line 1349.
Package xcolor Info: Model `hsb' substituted by `rgb' on input line 1353.
Package xcolor Info: Model `RGB' extended on input line 1365.
Package xcolor Info: Model `HTML' substituted by `rgb' on input line 1367.
Package xcolor Info: Model `Hsb' substituted by `hsb' on input line 1368.
Package xcolor Info: Model `tHsb' substituted by `hsb' on input line 1369.
Package xcolor Info: Model `HSB' substituted by `hsb' on input line 1370.
Package xcolor Info: Model `Gray' substituted by `gray' on input line 1371.
Package xcolor Info: Model `wave' substituted by `hsb' on input line 1372.
)
(C:\Users\VivoBook\scoop\apps\miktex\current\texmfs\install\tex/latex/colortbl\
colortbl.sty
Package: colortbl 2026/05/01 v1.0l Color table columns (DPC)

(C:\Users\VivoBook\scoop\apps\miktex\current\texmfs\install\tex/latex/tools\arr
ay.sty
Package: array 2025/09/25 v2.6n Tabular extension package (FMi)
\col@sep=\dimen188
\ar@mcellbox=\box60
\extrarowheight=\dimen189
\NC@list=\toks31
\extratabsurround=\skip74
\backup@length=\skip75
\ar@cellbox=\box61
)
\everycr=\toks32
\minrowclearance=\skip76
\rownum=\count315
)
(C:\Users\VivoBook\scoop\apps\miktex\current\texmfs\install\tex/generic/soul\so
ul.sty
Package: soul 2026-03-06 v3.2 Permit use of UTF-8 characters in soul (HO)

(C:\Users\VivoBook\scoop\apps\miktex\current\texmfs\install\tex/generic/soul\so
ul-ori.sty
Package: soul-ori 2026-03-06 v3.2 letterspacing/underlining (mf)
\SOUL@word=\toks33
\SOUL@lasttoken=\toks34
\SOUL@syllable=\toks35
\SOUL@cmds=\toks36
\SOUL@buffer=\toks37
\SOUL@token=\toks38
\SOUL@syllgoal=\dimen190
\SOUL@syllwidth=\dimen191
\SOUL@charkern=\dimen192
\SOUL@hyphkern=\dimen193
\SOUL@dimen=\dimen194
\SOUL@dimeni=\dimen195
\SOUL@minus=\count316
\SOUL@comma=\count317
\SOUL@apo=\count318
\SOUL@grave=\count319
\SOUL@spaceskip=\skip77
\SOUL@ttwidth=\dimen196
\SOUL@uldp=\dimen197
\SOUL@ulht=\dimen198
)
(C:\Users\VivoBook\scoop\apps\miktex\current\texmfs\install\tex/generic/etexcmd
s\etexcmds.sty
Package: etexcmds 2019/12/15 v1.7 Avoid name clashes with e-TeX commands (HO)
))
(C:\Users\VivoBook\scoop\apps\miktex\current\texmfs\install\tex/latex/multirow\
multirow.sty
Package: multirow 2024/11/12 v2.9 Span multiple rows of a table
\multirow@colwidth=\skip78
\multirow@cntb=\count320
\multirow@dima=\skip79
\bigstrutjot=\dimen199
)
(C:\Users\VivoBook\scoop\apps\miktex\current\texmfs\install\tex/latex/microtype
\microtype.sty
Package: microtype 2026/03/01 v3.2d Micro-typographical refinements (RS)
\MT@toks=\toks39
\MT@tempbox=\box62
\MT@count=\count321
LaTeX Info: Redefining \noprotrusionifhmode on input line 1084.
LaTeX Info: Redefining \leftprotrusion on input line 1085.
\MT@prot@toks=\toks40
LaTeX Info: Redefining \rightprotrusion on input line 1104.
LaTeX Info: Redefining \textls on input line 1449.
\MT@outer@kern=\dimen256
LaTeX Info: Redefining \microtypecontext on input line 2053.
LaTeX Info: Redefining \textmicrotypecontext on input line 2070.
\MT@listname@count=\count322

(C:\Users\VivoBook\scoop\apps\miktex\current\texmfs\install\tex/latex/microtype
\microtype-pdftex.def
File: microtype-pdftex.def 2026/03/01 v3.2d Definitions specific to pdftex (RS)

LaTeX Info: Redefining \lsstyle on input line 944.
LaTeX Info: Redefining \lslig on input line 944.
\MT@outer@space=\skip80
)
Package microtype Info: Loading configuration file microtype.cfg.

(C:\Users\VivoBook\scoop\apps\miktex\current\texmfs\install\tex/latex/microtype
\microtype.cfg
File: microtype.cfg 2026/03/01 v3.2d microtype main configuration file (RS)
)
LaTeX Info: Redefining \microtypesetup on input line 3065.
)
(C:\Users\VivoBook\scoop\apps\miktex\current\texmfs\install\tex/latex/pgf/front
endlayer\tikz.sty
(C:\Users\VivoBook\scoop\apps\miktex\current\texmfs\install\tex/latex/pgf/basic
layer\pgf.sty
(C:\Users\VivoBook\scoop\apps\miktex\current\texmfs\install\tex/latex/pgf/utili
ties\pgfrcs.sty
(C:\Users\VivoBook\scoop\apps\miktex\current\texmfs\install\tex/generic/pgf/uti
lities\pgfutil-common.tex
\pgfutil@everybye=\toks41
\pgfutil@tempdima=\dimen257
\pgfutil@tempdimb=\dimen258
)
(C:\Users\VivoBook\scoop\apps\miktex\current\texmfs\install\tex/generic/pgf/uti
lities\pgfutil-latex.def
\pgfutil@abb=\box63
)
(C:\Users\VivoBook\scoop\apps\miktex\current\texmfs\install\tex/generic/pgf/uti
lities\pgfrcs.code.tex
(C:\Users\VivoBook\scoop\apps\miktex\current\texmfs\install\tex/generic/pgf\pgf
.revision.tex)
Package: pgfrcs 2025-08-29 v3.1.11a (3.1.11a)
))
Package: pgf 2025-08-29 v3.1.11a (3.1.11a)

(C:\Users\VivoBook\scoop\apps\miktex\current\texmfs\install\tex/latex/pgf/basic
layer\pgfcore.sty
(C:\Users\VivoBook\scoop\apps\miktex\current\texmfs\install\tex/latex/pgf/syste
mlayer\pgfsys.sty
(C:\Users\VivoBook\scoop\apps\miktex\current\texmfs\install\tex/generic/pgf/sys
temlayer\pgfsys.code.tex
Package: pgfsys 2025-08-29 v3.1.11a (3.1.11a)

(C:\Users\VivoBook\scoop\apps\miktex\current\texmfs\install\tex/generic/pgf/uti
lities\pgfkeys.code.tex
\pgfkeys@pathtoks=\toks42
\pgfkeys@temptoks=\toks43

(C:\Users\VivoBook\scoop\apps\miktex\current\texmfs\install\tex/generic/pgf/uti
lities\pgfkeyslibraryfiltered.code.tex
\pgfkeys@tmptoks=\toks44
))
\pgf@x=\dimen259
\pgf@y=\dimen260
\pgf@xa=\dimen261
\pgf@ya=\dimen262
\pgf@xb=\dimen263
\pgf@yb=\dimen264
\pgf@xc=\dimen265
\pgf@yc=\dimen266
\pgf@xd=\dimen267
\pgf@yd=\dimen268
\w@pgf@writea=\write3
\r@pgf@reada=\read2
\c@pgf@counta=\count323
\c@pgf@countb=\count324
\c@pgf@countc=\count325
\c@pgf@countd=\count326
\t@pgf@toka=\toks45
\t@pgf@tokb=\toks46
\t@pgf@tokc=\toks47
\pgf@sys@id@count=\count327

(C:\Users\VivoBook\scoop\apps\miktex\current\texmfs\install\tex/generic/pgf/sys
temlayer\pgf.cfg
File: pgf.cfg 2025-08-29 v3.1.11a (3.1.11a)
)
Driver file for pgf: pgfsys-pdftex.def

(C:\Users\VivoBook\scoop\apps\miktex\current\texmfs\install\tex/generic/pgf/sys
temlayer\pgfsys-pdftex.def
File: pgfsys-pdftex.def 2025-08-29 v3.1.11a (3.1.11a)

(C:\Users\VivoBook\scoop\apps\miktex\current\texmfs\install\tex/generic/pgf/sys
temlayer\pgfsys-common-pdf.def
File: pgfsys-common-pdf.def 2025-08-29 v3.1.11a (3.1.11a)
)))
(C:\Users\VivoBook\scoop\apps\miktex\current\texmfs\install\tex/generic/pgf/sys
temlayer\pgfsyssoftpath.code.tex
File: pgfsyssoftpath.code.tex 2025-08-29 v3.1.11a (3.1.11a)
\pgfsyssoftpath@smallbuffer@items=\count328
\pgfsyssoftpath@bigbuffer@items=\count329
)
(C:\Users\VivoBook\scoop\apps\miktex\current\texmfs\install\tex/generic/pgf/sys
temlayer\pgfsysprotocol.code.tex
File: pgfsysprotocol.code.tex 2025-08-29 v3.1.11a (3.1.11a)
))
(C:\Users\VivoBook\scoop\apps\miktex\current\texmfs\install\tex/generic/pgf/bas
iclayer\pgfcore.code.tex
Package: pgfcore 2025-08-29 v3.1.11a (3.1.11a)

(C:\Users\VivoBook\scoop\apps\miktex\current\texmfs\install\tex/generic/pgf/mat
h\pgfmath.code.tex
(C:\Users\VivoBook\scoop\apps\miktex\current\texmfs\install\tex/generic/pgf/mat
h\pgfmathutil.code.tex)
(C:\Users\VivoBook\scoop\apps\miktex\current\texmfs\install\tex/generic/pgf/mat
h\pgfmathparser.code.tex
\pgfmath@dimen=\dimen269
\pgfmath@count=\count330
\pgfmath@box=\box64
\pgfmath@toks=\toks48
\pgfmath@stack@operand=\toks49
\pgfmath@stack@operation=\toks50
)
(C:\Users\VivoBook\scoop\apps\miktex\current\texmfs\install\tex/generic/pgf/mat
h\pgfmathfunctions.code.tex)
(C:\Users\VivoBook\scoop\apps\miktex\current\texmfs\install\tex/generic/pgf/mat
h\pgfmathfunctions.basic.code.tex)
(C:\Users\VivoBook\scoop\apps\miktex\current\texmfs\install\tex/generic/pgf/mat
h\pgfmathfunctions.trigonometric.code.tex)
(C:\Users\VivoBook\scoop\apps\miktex\current\texmfs\install\tex/generic/pgf/mat
h\pgfmathfunctions.random.code.tex)
(C:\Users\VivoBook\scoop\apps\miktex\current\texmfs\install\tex/generic/pgf/mat
h\pgfmathfunctions.comparison.code.tex)
(C:\Users\VivoBook\scoop\apps\miktex\current\texmfs\install\tex/generic/pgf/mat
h\pgfmathfunctions.base.code.tex)
(C:\Users\VivoBook\scoop\apps\miktex\current\texmfs\install\tex/generic/pgf/mat
h\pgfmathfunctions.round.code.tex)
(C:\Users\VivoBook\scoop\apps\miktex\current\texmfs\install\tex/generic/pgf/mat
h\pgfmathfunctions.misc.code.tex)
(C:\Users\VivoBook\scoop\apps\miktex\current\texmfs\install\tex/generic/pgf/mat
h\pgfmathfunctions.integerarithmetics.code.tex)
(C:\Users\VivoBook\scoop\apps\miktex\current\texmfs\install\tex/generic/pgf/mat
h\pgfmathcalc.code.tex)
(C:\Users\VivoBook\scoop\apps\miktex\current\texmfs\install\tex/generic/pgf/mat
h\pgfmathfloat.code.tex
\c@pgfmathroundto@lastzeros=\count331
))
(C:\Users\VivoBook\scoop\apps\miktex\current\texmfs\install\tex/generic/pgf/mat
h\pgfint.code.tex)
(C:\Users\VivoBook\scoop\apps\miktex\current\texmfs\install\tex/generic/pgf/bas
iclayer\pgfcorepoints.code.tex
File: pgfcorepoints.code.tex 2025-08-29 v3.1.11a (3.1.11a)
\pgf@picminx=\dimen270
\pgf@picmaxx=\dimen271
\pgf@picminy=\dimen272
\pgf@picmaxy=\dimen273
\pgf@pathminx=\dimen274
\pgf@pathmaxx=\dimen275
\pgf@pathminy=\dimen276
\pgf@pathmaxy=\dimen277
\pgf@xx=\dimen278
\pgf@xy=\dimen279
\pgf@yx=\dimen280
\pgf@yy=\dimen281
\pgf@zx=\dimen282
\pgf@zy=\dimen283
)
(C:\Users\VivoBook\scoop\apps\miktex\current\texmfs\install\tex/generic/pgf/bas
iclayer\pgfcorepathconstruct.code.tex
File: pgfcorepathconstruct.code.tex 2025-08-29 v3.1.11a (3.1.11a)
\pgf@path@lastx=\dimen284
\pgf@path@lasty=\dimen285
)
(C:\Users\VivoBook\scoop\apps\miktex\current\texmfs\install\tex/generic/pgf/bas
iclayer\pgfcorepathusage.code.tex
File: pgfcorepathusage.code.tex 2025-08-29 v3.1.11a (3.1.11a)
\pgf@shorten@end@additional=\dimen286
\pgf@shorten@start@additional=\dimen287
)
(C:\Users\VivoBook\scoop\apps\miktex\current\texmfs\install\tex/generic/pgf/bas
iclayer\pgfcorescopes.code.tex
File: pgfcorescopes.code.tex 2025-08-29 v3.1.11a (3.1.11a)
\pgfpic=\box65
\pgf@hbox=\box66
\pgf@layerbox@main=\box67
\pgf@picture@serial@count=\count332
)
(C:\Users\VivoBook\scoop\apps\miktex\current\texmfs\install\tex/generic/pgf/bas
iclayer\pgfcoregraphicstate.code.tex
File: pgfcoregraphicstate.code.tex 2025-08-29 v3.1.11a (3.1.11a)
\pgflinewidth=\dimen288
)
(C:\Users\VivoBook\scoop\apps\miktex\current\texmfs\install\tex/generic/pgf/bas
iclayer\pgfcoretransformations.code.tex
File: pgfcoretransformations.code.tex 2025-08-29 v3.1.11a (3.1.11a)
\pgf@pt@x=\dimen289
\pgf@pt@y=\dimen290
\pgf@pt@temp=\dimen291
)
(C:\Users\VivoBook\scoop\apps\miktex\current\texmfs\install\tex/generic/pgf/bas
iclayer\pgfcorequick.code.tex
File: pgfcorequick.code.tex 2025-08-29 v3.1.11a (3.1.11a)
)
(C:\Users\VivoBook\scoop\apps\miktex\current\texmfs\install\tex/generic/pgf/bas
iclayer\pgfcoreobjects.code.tex
File: pgfcoreobjects.code.tex 2025-08-29 v3.1.11a (3.1.11a)
)
(C:\Users\VivoBook\scoop\apps\miktex\current\texmfs\install\tex/generic/pgf/bas
iclayer\pgfcorepathprocessing.code.tex
File: pgfcorepathprocessing.code.tex 2025-08-29 v3.1.11a (3.1.11a)
)
(C:\Users\VivoBook\scoop\apps\miktex\current\texmfs\install\tex/generic/pgf/bas
iclayer\pgfcorearrows.code.tex
File: pgfcorearrows.code.tex 2025-08-29 v3.1.11a (3.1.11a)
\pgfarrowsep=\dimen292
)
(C:\Users\VivoBook\scoop\apps\miktex\current\texmfs\install\tex/generic/pgf/bas
iclayer\pgfcoreshade.code.tex
File: pgfcoreshade.code.tex 2025-08-29 v3.1.11a (3.1.11a)
\pgf@max=\dimen293
\pgf@sys@shading@range@num=\count333
\pgf@shadingcount=\count334
)
(C:\Users\VivoBook\scoop\apps\miktex\current\texmfs\install\tex/generic/pgf/bas
iclayer\pgfcoreimage.code.tex
File: pgfcoreimage.code.tex 2025-08-29 v3.1.11a (3.1.11a)
)
(C:\Users\VivoBook\scoop\apps\miktex\current\texmfs\install\tex/generic/pgf/bas
iclayer\pgfcoreexternal.code.tex
File: pgfcoreexternal.code.tex 2025-08-29 v3.1.11a (3.1.11a)
\pgfexternal@startupbox=\box68
)
(C:\Users\VivoBook\scoop\apps\miktex\current\texmfs\install\tex/generic/pgf/bas
iclayer\pgfcorelayers.code.tex
File: pgfcorelayers.code.tex 2025-08-29 v3.1.11a (3.1.11a)
)
(C:\Users\VivoBook\scoop\apps\miktex\current\texmfs\install\tex/generic/pgf/bas
iclayer\pgfcoretransparency.code.tex
File: pgfcoretransparency.code.tex 2025-08-29 v3.1.11a (3.1.11a)
)
(C:\Users\VivoBook\scoop\apps\miktex\current\texmfs\install\tex/generic/pgf/bas
iclayer\pgfcorepatterns.code.tex
File: pgfcorepatterns.code.tex 2025-08-29 v3.1.11a (3.1.11a)
)
(C:\Users\VivoBook\scoop\apps\miktex\current\texmfs\install\tex/generic/pgf/bas
iclayer\pgfcorerdf.code.tex
File: pgfcorerdf.code.tex 2025-08-29 v3.1.11a (3.1.11a)
)))
(C:\Users\VivoBook\scoop\apps\miktex\current\texmfs\install\tex/generic/pgf/mod
ules\pgfmoduleshapes.code.tex
File: pgfmoduleshapes.code.tex 2025-08-29 v3.1.11a (3.1.11a)
\pgfnodeparttextbox=\box69
)
(C:\Users\VivoBook\scoop\apps\miktex\current\texmfs\install\tex/generic/pgf/mod
ules\pgfmoduleplot.code.tex
File: pgfmoduleplot.code.tex 2025-08-29 v3.1.11a (3.1.11a)
)
(C:\Users\VivoBook\scoop\apps\miktex\current\texmfs\install\tex/latex/pgf/compa
tibility\pgfcomp-version-0-65.sty
Package: pgfcomp-version-0-65 2025-08-29 v3.1.11a (3.1.11a)
\pgf@nodesepstart=\dimen294
\pgf@nodesepend=\dimen295
)
(C:\Users\VivoBook\scoop\apps\miktex\current\texmfs\install\tex/latex/pgf/compa
tibility\pgfcomp-version-1-18.sty
Package: pgfcomp-version-1-18 2025-08-29 v3.1.11a (3.1.11a)
))
(C:\Users\VivoBook\scoop\apps\miktex\current\texmfs\install\tex/latex/pgf/utili
ties\pgffor.sty
(C:\Users\VivoBook\scoop\apps\miktex\current\texmfs\install\tex/latex/pgf/utili
ties\pgfkeys.sty
(C:\Users\VivoBook\scoop\apps\miktex\current\texmfs\install\tex/generic/pgf/uti
lities\pgfkeys.code.tex))
(C:\Users\VivoBook\scoop\apps\miktex\current\texmfs\install\tex/latex/pgf/math\
pgfmath.sty
(C:\Users\VivoBook\scoop\apps\miktex\current\texmfs\install\tex/generic/pgf/mat
h\pgfmath.code.tex))
(C:\Users\VivoBook\scoop\apps\miktex\current\texmfs\install\tex/generic/pgf/uti
lities\pgffor.code.tex
Package: pgffor 2025-08-29 v3.1.11a (3.1.11a)
\pgffor@iter=\dimen296
\pgffor@skip=\dimen297
\pgffor@stack=\toks51
\pgffor@toks=\toks52
))
(C:\Users\VivoBook\scoop\apps\miktex\current\texmfs\install\tex/generic/pgf/fro
ntendlayer/tikz\tikz.code.tex
Package: tikz 2025-08-29 v3.1.11a (3.1.11a)

(C:\Users\VivoBook\scoop\apps\miktex\current\texmfs\install\tex/generic/pgf/lib
raries\pgflibraryplothandlers.code.tex
File: pgflibraryplothandlers.code.tex 2025-08-29 v3.1.11a (3.1.11a)
\pgf@plot@mark@count=\count335
\pgfplotmarksize=\dimen298
)
\tikz@lastx=\dimen299
\tikz@lasty=\dimen300
\tikz@lastxsaved=\dimen301
\tikz@lastysaved=\dimen302
\tikz@lastmovetox=\dimen303
\tikz@lastmovetoy=\dimen304
\tikzleveldistance=\dimen305
\tikzsiblingdistance=\dimen306
\tikz@figbox=\box70
\tikz@figbox@bg=\box71
\tikz@tempbox=\box72
\tikz@tempbox@bg=\box73
\tikztreelevel=\count336
\tikznumberofchildren=\count337
\tikznumberofcurrentchild=\count338
\tikz@fig@count=\count339

(C:\Users\VivoBook\scoop\apps\miktex\current\texmfs\install\tex/generic/pgf/mod
ules\pgfmodulematrix.code.tex
File: pgfmodulematrix.code.tex 2025-08-29 v3.1.11a (3.1.11a)
\pgfmatrixcurrentrow=\count340
\pgfmatrixcurrentcolumn=\count341
\pgf@matrix@numberofcolumns=\count342
)
\tikz@expandcount=\count343

(C:\Users\VivoBook\scoop\apps\miktex\current\texmfs\install\tex/generic/pgf/fro
ntendlayer/tikz/libraries\tikzlibrarytopaths.code.tex
File: tikzlibrarytopaths.code.tex 2025-08-29 v3.1.11a (3.1.11a)
)))
(C:\Users\VivoBook\scoop\apps\miktex\current\texmfs\install\tex/latex/refcount\
refcount.sty
Package: refcount 2019/12/15 v3.6 Data extraction from label references (HO)
)
(C:\Users\VivoBook\scoop\apps\miktex\current\texmfs\install\tex/latex/changepag
e\changepage.sty
Package: changepage 2009/10/20 v1.0c check page and change page layout
\c@cp@cntr=\count344
\cp@tempcnt=\count345
)
(C:\Users\VivoBook\scoop\apps\miktex\current\texmfs\install\tex/latex/frankenst
ein\attrib.sty
Package: attrib 2001/08/31 v1.3 attribution of block elements (Frankenstein's h
at)

(C:\Users\VivoBook\scoop\apps\miktex\current\texmfs\install\tex/latex/frankenst
ein\moredefs.sty
Package: moredefs 2001/08/31 v1.8 more defining commands (Frankenstein's brain)

\sc@toks@a=\toks53
\sc@toks@b=\toks54
)
\AttribMinSkip=\skip81
)
(C:\Users\VivoBook\scoop\apps\miktex\current\texmfs\install\tex/latex/was\upgre
ek.sty
Package: upgreek 2003/02/12 v2.0 (WaS)
Package upgreek Info: Using Euler Roman for upright Greek on input line 31.
\symugrf@m=\mathgroup7
LaTeX Font Info:    Overwriting symbol font `ugrf@m' in version `bold'
(Font)                  U/eur/m/n --> U/eur/b/n on input line 38.
)
(C:\Users\VivoBook\scoop\apps\miktex\current\texmfs\install\tex/latex/tools\tab
ularx.sty
Package: tabularx 2023/12/11 v2.12a `tabularx' package (DPC)
\TX@col@width=\dimen307
\TX@old@table=\dimen308
\TX@old@col=\dimen309
\TX@target=\dimen310
\TX@delta=\dimen311
\TX@cols=\count346
\TX@ftn=\toks55
)
(C:\Users\VivoBook\scoop\apps\miktex\current\texmfs\install\tex/latex/pbox\pbox
.sty
Package: pbox 2011/12/07 v1.2 Dynamic parboxes
\pb@xlen=\skip82
)
(C:\Users\VivoBook\scoop\apps\miktex\current\texmfs\install\tex/latex/ragged2e\
ragged2e.sty
Package: ragged2e 2023/06/22 v3.6 ragged2e Package
\CenteringLeftskip=\skip83
\RaggedLeftLeftskip=\skip84
\RaggedRightLeftskip=\skip85
\CenteringRightskip=\skip86
\RaggedLeftRightskip=\skip87
\RaggedRightRightskip=\skip88
\CenteringParfillskip=\skip89
\RaggedLeftParfillskip=\skip90
\RaggedRightParfillskip=\skip91
\JustifyingParfillskip=\skip92
\CenteringParindent=\skip93
\RaggedLeftParindent=\skip94
\RaggedRightParindent=\skip95
\JustifyingParindent=\skip96
)
(C:\Users\VivoBook\scoop\apps\miktex\current\texmfs\install\tex/latex/tocloft\t
ocloft.sty
Package: tocloft 2026-08-21 v3.0b parameterised ToC, etc., typesetting
Package tocloft Info: The document has section divisions on input line 64.
\cftparskip=\skip97
\cftbeforetoctitleskip=\skip98
\cftaftertoctitleskip=\skip99
\cftbeforepartskip=\skip100
\cftpartnumwidth=\skip101
\cftpartindent=\skip102
\cftbeforesecskip=\skip103
\cftsecindent=\skip104
\cftsecnumwidth=\skip105
\cftbeforesubsecskip=\skip106
\cftsubsecindent=\skip107
\cftsubsecnumwidth=\skip108
\cftbeforesubsubsecskip=\skip109
\cftsubsubsecindent=\skip110
\cftsubsubsecnumwidth=\skip111
\cftbeforeparaskip=\skip112
\cftparaindent=\skip113
\cftparanumwidth=\skip114
\cftbeforesubparaskip=\skip115
\cftsubparaindent=\skip116
\cftsubparanumwidth=\skip117
\cftbeforeloftitleskip=\skip118
\cftafterloftitleskip=\skip119
\cftbeforefigskip=\skip120
\cftfigindent=\skip121
\cftfignumwidth=\skip122
\c@lofdepth=\count347
\c@lotdepth=\count348
\cftbeforelottitleskip=\skip123
\cftafterlottitleskip=\skip124
\cftbeforetabskip=\skip125
\cfttabindent=\skip126
\cfttabnumwidth=\skip127
)
(C:\Users\VivoBook\scoop\apps\miktex\current\texmfs\install\tex/latex/marginnot
e\marginnote.sty
Package: marginnote 2026-06-15 1.5 non floating margin notes for LaTeX 
\c@mn@abspage=\count349
)
(C:\Users\VivoBook\scoop\apps\miktex\current\texmfs\install\tex/latex/marginfix
\marginfix.sty
Package: marginfix 2020/05/06 v1.2 Fix Margin Paragraphs
\Mfx@inject@insert=\insert252
\Mfx@marginbox=\box74
\Mfx@marginpos@min=\dimen312
\Mfx@marginpos@max=\dimen313
\Mfx@marginspace=\dimen314
\Mfx@marginheight=\dimen315
\Mfx@piece@content=\box75
\Mfx@piece@count=\count350
\Mfx@mparshift=\dimen316
\marginheightadjustment=\dimen317
\marginposadjustment=\dimen318
\Mfx@strutheight=\dimen319
)
==> First Aid for marginfix.sty applied!

(C:\Users\VivoBook\scoop\apps\miktex\current\texmfs\install\tex/latex/enotez\en
otez.sty
(C:\Users\VivoBook\scoop\apps\miktex\current\texmfs\install\tex/latex/l3kernel\
expl3.sty
Package: expl3 2025-12-24 L3 programming layer (loader) 

(C:\Users\VivoBook\scoop\apps\miktex\current\texmfs\install\tex/latex/l3backend
\l3backend-pdftex.def
File: l3backend-pdftex.def 2025-10-09 L3 backend support: PDF output (pdfTeX)
\l__color_backend_stack_int=\count351
))
(C:\Users\VivoBook\scoop\apps\miktex\current\texmfs\install\tex/latex/l3package
s/xparse\xparse.sty
Package: xparse 2025-10-09 L3 Experimental document command parser
)
(C:\Users\VivoBook\scoop\apps\miktex\current\texmfs\install\tex/latex/l3package
s/l3keys2e\l3keys2e.sty
Package: l3keys2e 2025-10-09 LaTeX2e option processing using LaTeX3 keys
)
(C:\Users\VivoBook\scoop\apps\miktex\current\texmfs\install\tex/latex/l3package
s/xtemplate\xtemplate.sty
Package: xtemplate 2025-10-09 L3 Experimental prototype document functions
)
Package: enotez 2022/01/04 v0.10d Endnotes for LaTeX2e
\l__enotez_list_preamble_skip=\skip128
\l__enotez_list_postamble_skip=\skip129
\g__enotez_endnote_id_int=\count352
\g__enotez_endnote_mark_int=\count353
\c@endnote=\count354
\g__enotez_list_printed_int=\count355
\l__enotez_tmpa_int=\count356

LaTeX template Info: Declaring template type 'enotez-list' taking 1
(template)           argument(s) on line 473.

\l__enotez_list_notes_sep_dim=\dimen320

(C:\Users\VivoBook\scoop\apps\miktex\current\texmfs\install\tex/latex/translati
ons\translations.sty
Package: translations 2022/02/05 v1.12 internationalization of LaTeX2e packages
 (CN)
))
(C:\Users\VivoBook\scoop\apps\miktex\current\texmfs\install\tex/latex/xstring\x
string.sty
(C:\Users\VivoBook\scoop\apps\miktex\current\texmfs\install\tex/generic/xstring
\xstring.tex
\xs_counta=\count357
\xs_countb=\count358
)
Package: xstring 2023/08/22 v1.86 String manipulations (CT)
) (Definitions/journalnames.tex)

Class mdpi Warning: You used an invalid journal name or you have not specified 
the journal. The first option of the documentclass command specifies the journa
l. The word 'journal' should be replaced by one of the journal names specified 
in template.tex (in the comment 'Choose between the following MDPI journal'). o
n input line 147.


(C:\Users\VivoBook\scoop\apps\miktex\current\texmfs\install\tex/latex/amscls\am
sthm.sty
Package: amsthm 2020/05/29 v2.20.6
\thm@style=\toks56
\thm@bodyfont=\toks57
\thm@headfont=\toks58
\thm@notefont=\toks59
\thm@headpunct=\toks60
\thm@preskip=\skip130
\thm@postskip=\skip131
\thm@headsep=\skip132
\dth@everypar=\toks61
)
\c@theorem=\count359
\c@lemma=\count360
\c@corollary=\count361
\c@proposition=\count362
\c@characterization=\count363
\c@property=\count364
\c@problem=\count365
\c@example=\count366
\c@examplesanddefinitions=\count367
\c@remark=\count368
\c@definition=\count369
\c@hypothesis=\count370
\c@notation=\count371
\c@assumption=\count372
\c@algorithm=\count373

(C:\Users\VivoBook\scoop\apps\miktex\current\texmfs\install\tex/latex/natbib\na
tbib.sty
Package: natbib 2010/09/13 8.31b (PWD, AO)
\bibhang=\skip133
\bibsep=\skip134
LaTeX Info: Redefining \cite on input line 694.
\c@NAT@ctr=\count374
)
(C:\Users\VivoBook\scoop\apps\miktex\current\texmfs\install\tex/latex/koma-scri
pt\scrextend.sty
Package: scrextend 2026/02/02 v3.49.2 KOMA-Script package (extend other classes
 with features of KOMA-Script classes)

(C:\Users\VivoBook\scoop\apps\miktex\current\texmfs\install\tex/latex/koma-scri
pt\scrkbase.sty
Package: scrkbase 2026/02/02 v3.49.2 KOMA-Script package (KOMA-Script-dependent
 basics and keyval usage)

(C:\Users\VivoBook\scoop\apps\miktex\current\texmfs\install\tex/latex/koma-scri
pt\scrbase.sty
Package: scrbase 2026/02/02 v3.49.2 KOMA-Script package (KOMA-Script-independen
t basics and keyval usage)

(C:\Users\VivoBook\scoop\apps\miktex\current\texmfs\install\tex/latex/koma-scri
pt\scrlfile.sty
Package: scrlfile 2026/02/02 v3.49.2 KOMA-Script package (file load hooks)

(C:\Users\VivoBook\scoop\apps\miktex\current\texmfs\install\tex/latex/koma-scri
pt\scrlfile-hook.sty
Package: scrlfile-hook 2026/02/02 v3.49.2 KOMA-Script package (using LaTeX hook
s)

(C:\Users\VivoBook\scoop\apps\miktex\current\texmfs\install\tex/latex/koma-scri
pt\scrlogo.sty
Package: scrlogo 2026/02/02 v3.49.2 KOMA-Script package (logo)
)))
Applying: [2021/05/01] Usage of raw or classic option list on input line 254.
Already applied: [0000/00/00] Usage of raw or classic option list on input line
 370.
)))
(C:\Users\VivoBook\scoop\apps\miktex\current\texmfs\install\tex/latex/url\url.s
ty
\Urlmuskip=\muskip18
Package: url 2013/09/16  ver 3.4  Verb mode for urls, etc.
)
\MyLen=\skip135
\MyBox=\box76
\leftcolumnlength=\skip136
\extralength=\skip137
\fulllength=\skip138

(C:\Users\VivoBook\scoop\apps\miktex\current\texmfs\install\tex/latex/geometry\
geometry.sty
Package: geometry 2026/03/07 v6.0 Page Geometry

(C:\Users\VivoBook\scoop\apps\miktex\current\texmfs\install\tex/generic/iftex\i
fvtex.sty
Package: ifvtex 2019/10/25 v1.7 ifvtex legacy package. Use iftex instead.
)
\Gm@cnth=\count375
\Gm@cntv=\count376
\c@Gm@tempcnt=\count377
\Gm@bindingoffset=\dimen321
\Gm@wd@mp=\dimen322
\Gm@odd@mp=\dimen323
\Gm@even@mp=\dimen324
\Gm@layoutwidth=\dimen325
\Gm@layoutheight=\dimen326
\Gm@layouthoffset=\dimen327
\Gm@layoutvoffset=\dimen328
\Gm@dimlist=\toks62

(C:\Users\VivoBook\scoop\apps\miktex\current\texmfs\install\tex/latex/geometry\
geometry.cfg))
(C:\Users\VivoBook\scoop\apps\miktex\current\texmfs\install\tex/latex/newfloat\
newfloat.sty
Package: newfloat 2023/10/01 v1.2 Defining new floating environments (AR)
)
Package newfloat Info: New float `listing' with options `' on input line 1439.
\c@listing=\count378
Package newfloat Info: float type `listing'=4 on input line 1439.
\c@lolistingdepth=\count379
Package newfloat Info: New float `boxenv' with options `name=Box' on input line
 1440.
\c@boxenv=\count380
Package newfloat Info: float type `boxenv'=8 on input line 1440.
\c@loboxenvdepth=\count381
Package newfloat Info: New float `chart' with options `' on input line 1441.
\c@chart=\count382
Package newfloat Info: float type `chart'=16 on input line 1441.
\c@lochartdepth=\count383
Package newfloat Info: New float `scheme' with options `' on input line 1442.
\c@scheme=\count384
Package newfloat Info: float type `scheme'=32 on input line 1442.
\c@loschemedepth=\count385
Package newfloat Info: New float `figurewide' with options `' on input line 144
3.
\c@figurewide=\count386
Package newfloat Info: float type `figurewide'=64 on input line 1443.
\c@lofigurewidedepth=\count387

(C:\Users\VivoBook\scoop\apps\miktex\current\texmfs\install\tex/latex/caption\c
aption.sty
Package: caption 2023/08/05 v3.6o Customizing captions (AR)

(C:\Users\VivoBook\scoop\apps\miktex\current\texmfs\install\tex/latex/caption\c
aption3.sty
Package: caption3 2023/07/31 v2.4d caption3 kernel (AR)
\caption@tempdima=\dimen329
\captionmargin=\dimen330
\caption@leftmargin=\dimen331
\caption@rightmargin=\dimen332
\caption@width=\dimen333
\caption@indent=\dimen334
\caption@parindent=\dimen335
\caption@hangindent=\dimen336
Package caption Info: Standard document class detected.
)
\c@caption@flags=\count388
\c@continuedfloat=\count389
Package caption Info: changepage package is loaded.
\caption@adjustwidth@hsize=\dimen337
\caption@adjustwidth@linewidth=\dimen338
Package caption Info: float package is loaded.
Package caption Info: scrextend package is loaded.
\caption@addmargin@hsize=\dimen339
\caption@addmargin@linewidth=\dimen340
)
\@justcentbox=\box77

(C:\Users\VivoBook\scoop\apps\miktex\current\texmfs\install\tex/latex/seqsplit\
seqsplit.sty
Package: seqsplit 2006/08/07 v0.1 Splitting long sequences (DNA, RNA, proteins,
 etc.) 
)
\cellWidtha=\skip139
\cellWidthb=\skip140
\cellWidthc=\skip141
\cellWidthd=\skip142
\cellWidthe=\skip143
\cellWidthf=\skip144
\cellWidthg=\skip145
\cellWidthh=\skip146
\cellWidthi=\skip147
\cellWidthj=\skip148
\cellWidthk=\skip149
\cellWidthl=\skip150
\cellWidthm=\skip151
\cellWidthn=\skip152
\cellWidtho=\skip153
\cellWidthp=\skip154
\cellWidthq=\skip155
\cellWidthr=\skip156
\cellWidths=\skip157
\cellWidtht=\skip158
\cellWidthu=\skip159
\cellWidthv=\skip160
\cellWidthw=\skip161
\cellWidthx=\skip162
\cellWidthy=\skip163
\cellWidthz=\skip164
\cellWidthA=\skip165
\cellWidthB=\skip166
\cellWidthC=\skip167
\cellWidthD=\skip168
\cellWidthE=\skip169
\cellWidthF=\skip170
\cellWidthG=\skip171
\cellWidthH=\skip172
\cellWidthI=\skip173
\cellWidthJ=\skip174
\cellWidthK=\skip175
\cellWidthL=\skip176
\cellWidthM=\skip177
\cellWidthN=\skip178
\cellWidthO=\skip179
\cellWidthP=\skip180
\cellWidthQ=\skip181
\cellWidthR=\skip182
\cellWidthS=\skip183
\cellWidthT=\skip184
\cellWidthU=\skip185
\cellWidthV=\skip186
\cellWidthW=\skip187
\cellWidthX=\skip188
\cellWidthY=\skip189
\cellWidthZ=\skip190
)
Package translations Info: No language package found. I am going to use `englis
h' as default language. on input line 56.

(C:\Users\VivoBook\scoop\apps\miktex\current\texmfs\install\tex/latex/hyperref\
hyperref.sty
Package: hyperref 2025-07-12 v7.01o Hypertext links for LaTeX

(C:\Users\VivoBook\scoop\apps\miktex\current\texmfs\install\tex/generic/pdfesca
pe\pdfescape.sty
Package: pdfescape 2019/12/09 v1.15 Implements pdfTeX's escape features (HO)
)
(C:\Users\VivoBook\scoop\apps\miktex\current\texmfs\install\tex/latex/hycolor\h
ycolor.sty
Package: hycolor 2020-01-27 v1.10 Color options for hyperref/bookmark (HO)
)
(C:\Users\VivoBook\scoop\apps\miktex\current\texmfs\install\tex/latex/hyperref\
nameref.sty
Package: nameref 2025-06-21 v2.57 Cross-referencing by name of section

(C:\Users\VivoBook\scoop\apps\miktex\current\texmfs\install\tex/generic/gettitl
estring\gettitlestring.sty
Package: gettitlestring 2019/12/15 v1.6 Cleanup title references (HO)
)
\c@section@level=\count390
)
(C:\Users\VivoBook\scoop\apps\miktex\current\texmfs\install\tex/generic/stringe
nc\stringenc.sty
Package: stringenc 2019/11/29 v1.12 Convert strings between diff. encodings (HO
)
)
\@linkdim=\dimen341
\Hy@linkcounter=\count391
\Hy@pagecounter=\count392

(C:\Users\VivoBook\scoop\apps\miktex\current\texmfs\install\tex/latex/hyperref\
pd1enc.def
File: pd1enc.def 2025-07-12 v7.01o Hyperref: PDFDocEncoding definition (HO)
Now handling font encoding PD1 ...
... no UTF-8 mapping file for font encoding PD1
)
(C:\Users\VivoBook\scoop\apps\miktex\current\texmfs\install\tex/generic/intcalc
\intcalc.sty
Package: intcalc 2019/12/15 v1.3 Expandable calculations with integers (HO)
)
\Hy@SavedSpaceFactor=\count393

(C:\Users\VivoBook\scoop\apps\miktex\current\texmfs\install\tex/latex/hyperref\
puenc.def
File: puenc.def 2025-07-12 v7.01o Hyperref: PDF Unicode definition (HO)
Now handling font encoding PU ...
... no UTF-8 mapping file for font encoding PU
)
Package hyperref Info: Option `unicode' set `true' on input line 4066.
Package hyperref Info: Option `bookmarksopen' set `true' on input line 4066.
Package hyperref Info: Option `pdffitwindow' set `true' on input line 4066.
Package hyperref Info: Option `colorlinks' set `true' on input line 4066.
Package hyperref Info: Option `hyperfootnotes' set `true' on input line 4066.
Package hyperref Info: Hyper figures OFF on input line 4195.
Package hyperref Info: Link nesting OFF on input line 4200.
Package hyperref Info: Hyper index ON on input line 4203.
Package hyperref Info: Plain pages OFF on input line 4210.
Package hyperref Info: Backreferencing OFF on input line 4215.
Package hyperref Info: Implicit mode ON; LaTeX internals redefined.
Package hyperref Info: Bookmarks ON on input line 4462.
\c@Hy@tempcnt=\count394
LaTeX Info: Redefining \url on input line 4801.
\XeTeXLinkMargin=\dimen342

(C:\Users\VivoBook\scoop\apps\miktex\current\texmfs\install\tex/generic/bitset\
bitset.sty
Package: bitset 2019/12/09 v1.3 Handle bit-vector datatype (HO)

(C:\Users\VivoBook\scoop\apps\miktex\current\texmfs\install\tex/generic/bigintc
alc\bigintcalc.sty
Package: bigintcalc 2019/12/15 v1.5 Expandable calculations on big integers (HO
)
))
\Fld@menulength=\count395
\Field@Width=\dimen343
\Fld@charsize=\dimen344
Package hyperref Info: Hyper figures OFF on input line 6078.
Package hyperref Info: Link nesting OFF on input line 6083.
Package hyperref Info: Hyper index ON on input line 6086.
Package hyperref Info: backreferencing OFF on input line 6093.
Package hyperref Info: Link coloring ON on input line 6096.
Package hyperref Info: Link coloring with OCG OFF on input line 6103.
Package hyperref Info: PDF/A mode OFF on input line 6108.
\Hy@abspage=\count396
\c@Item=\count397
\c@Hfootnote=\count398
)
Package hyperref Info: Driver (autodetected): hpdftex.

(C:\Users\VivoBook\scoop\apps\miktex\current\texmfs\install\tex/latex/hyperref\
hpdftex.def
File: hpdftex.def 2025-07-12 v7.01o Hyperref driver for pdfTeX
\Fld@listcount=\count399
\c@bookmark@seq@number=\count400

(C:\Users\VivoBook\scoop\apps\miktex\current\texmfs\install\tex/latex/rerunfile
check\rerunfilecheck.sty
Package: rerunfilecheck 2025-06-21 v1.11 Rerun checks for auxiliary files (HO)

(C:\Users\VivoBook\scoop\apps\miktex\current\texmfs\install\tex/generic/uniquec
ounter\uniquecounter.sty
Package: uniquecounter 2019/12/15 v1.4 Provide unlimited unique counter (HO)
)
Package uniquecounter Info: New unique counter `rerunfilecheck' on input line 2
84.
)
\Hy@SectionHShift=\skip191
)
(C:\Users\VivoBook\scoop\apps\miktex\current\texmfs\install\tex/latex/cleveref\
cleveref.sty
Package: cleveref 2018/03/27 v0.21.4 Intelligent cross-referencing
Package cleveref Info: `hyperref' support loaded on input line 2370.
LaTeX Info: Redefining \cref on input line 2370.
LaTeX Info: Redefining \Cref on input line 2370.
LaTeX Info: Redefining \crefrange on input line 2370.
LaTeX Info: Redefining \Crefrange on input line 2370.
LaTeX Info: Redefining \cpageref on input line 2370.
LaTeX Info: Redefining \Cpageref on input line 2370.
LaTeX Info: Redefining \cpagerefrange on input line 2370.
LaTeX Info: Redefining \Cpagerefrange on input line 2370.
LaTeX Info: Redefining \labelcref on input line 2370.
LaTeX Info: Redefining \labelcpageref on input line 2370.
Package cleveref Info: `amsthm' support loaded on input line 3026.
Package cleveref Info: always capitalise cross-reference names on input line 78
25.
Package cleveref Info: always capitalise cross-reference names on input line 78
52.
Package cleveref Info: no abbreviation of names on input line 7852.
)
==> First Aid for cleveref.sty applied!
LaTeX Font Info:    Trying to load font information for T1+ppl on input line 56
.

(C:\Users\VivoBook\scoop\apps\miktex\current\texmfs\install\tex/latex/psnfss\t1
ppl.fd
File: t1ppl.fd 2001/06/04 font definitions for T1/ppl.
) (paper.aux)
\openout1 = `paper.aux'.

LaTeX Font Info:    Checking defaults for OML/cmm/m/it on input line 56.
LaTeX Font Info:    ... okay on input line 56.
LaTeX Font Info:    Checking defaults for OMS/cmsy/m/n on input line 56.
LaTeX Font Info:    ... okay on input line 56.
LaTeX Font Info:    Checking defaults for OT1/cmr/m/n on input line 56.
LaTeX Font Info:    ... okay on input line 56.
LaTeX Font Info:    Checking defaults for T1/cmr/m/n on input line 56.
LaTeX Font Info:    ... okay on input line 56.
LaTeX Font Info:    Checking defaults for TS1/cmr/m/n on input line 56.
LaTeX Font Info:    ... okay on input line 56.
LaTeX Font Info:    Checking defaults for OMX/cmex/m/n on input line 56.
LaTeX Font Info:    ... okay on input line 56.
LaTeX Font Info:    Checking defaults for U/cmr/m/n on input line 56.
LaTeX Font Info:    ... okay on input line 56.
LaTeX Font Info:    Checking defaults for PD1/pdf/m/n on input line 56.
LaTeX Font Info:    ... okay on input line 56.
LaTeX Font Info:    Checking defaults for PU/pdf/m/n on input line 56.
LaTeX Font Info:    ... okay on input line 56.

(C:\Users\VivoBook\scoop\apps\miktex\current\texmfs\install\tex/context/base/mk
ii\supp-pdf.mkii
[Loading MPS to PDF converter (version 2006.09.02).]
\scratchcounter=\count401
\scratchdimen=\dimen345
\scratchbox=\box78
\nofMPsegments=\count402
\nofMParguments=\count403
\everyMPshowfont=\toks63
\MPscratchCnt=\count404
\MPscratchDim=\dimen346
\MPnumerator=\count405
\makeMPintoPDFobject=\count406
\everyMPtoPDFconversion=\toks64
)
LaTeX Info: Redefining \microtypecontext on input line 56.
Package microtype Info: Applying patch `item' on input line 56.
Package microtype Info: Applying patch `toc' on input line 56.
Package microtype Info: Applying patch `eqnum' on input line 56.
Package microtype Info: Applying patch `footnote' on input line 56.
Package microtype Info: Applying patch `verbatim' on input line 56.
LaTeX Info: Redefining \microtypesetup on input line 56.
Package microtype Info: Generating PDF output.
Package microtype Info: Character protrusion enabled (level 2).
Package microtype Info: Using default protrusion set `alltext'.
Package microtype Info: Automatic font expansion enabled (level 2),
(microtype)             stretch: 20, shrink: 20, step: 1, non-selected.
Package microtype Info: Using default expansion set `alltext-nott'.
Package microtype Info: Patching command `\showhyphens'.
Package microtype Info: No adjustment of tracking.
Package microtype Info: No adjustment of interword spacing.
Package microtype Info: No adjustment of character kerning.

(C:\Users\VivoBook\scoop\apps\miktex\current\texmfs\install\tex/latex/microtype
\mt-ppl.cfg
File: mt-ppl.cfg 2005/11/16 v1.6 microtype config. file: Palatino (RS)
)
(C:\Users\VivoBook\scoop\apps\miktex\current\texmfs\install\tex/latex/translati
ons/dicts\translations-basic-dictionary-english.trsl
File: translations-basic-dictionary-english.trsl (english translation file `tra
nslations-basic-dictionary')
)
Package translations Info: loading dictionary `translations-basic-dictionary' f
or `english'. on input line 56.

*geometry* driver: auto-detecting
*geometry* detected driver: pdftex
*geometry* verbose mode - [ preamble ] result:
* driver: pdftex
* paper: <default>
* layout: <same size as paper>
* layoutoffset:(h,v)=(0.0pt,0.0pt)
* modes: includehead includefoot 
* h-part:(L,W,R)=(167.01753pt, 394.35522pt, 36.13512pt)
* v-part:(T,H,B)=(51.21504pt, 772.49225pt, 21.33955pt)
* \paperwidth=597.50787pt
* \paperheight=845.04684pt
* \textwidth=394.35522pt
* \textheight=688.49225pt
* \oddsidemargin=94.74754pt
* \evensidemargin=94.74754pt
* \topmargin=-21.05495pt
* \headheight=12.0pt
* \headsep=24.0pt
* \topskip=10.0pt
* \footskip=48.0pt
* \marginparwidth=116.65646pt
* \marginparsep=14.51074pt
* \columnsep=10.0pt
* \skip\footins=17.07182pt
* \hoffset=0.0pt
* \voffset=0.0pt
* \mag=1000
* \@twocolumnfalse
* \@twosidefalse
* \@mparswitchfalse
* \@reversemargintrue
* (1in=72.27pt=25.4mm, 1cm=28.453pt)

Package newfloat Info: `float' package detected.
Package caption Info: Begin \AtBeginDocument code.
Package caption Info: hyperref package is loaded.
Package caption Info: End \AtBeginDocument code.
Package hyperref Info: Link coloring ON on input line 56.
(paper.out) (paper.out)
\@outlinefile=\write4
\openout4 = `paper.out'.


Overfull \hbox (24.9262pt too wide) in paragraph at lines 56--56
[][]\T1/ppl/m/n/7 (-20) https://www.mdpi.com/journal/notspecified[][] 
 []

LaTeX Font Info:    Trying to load font information for TS1+ppl on input line 5
6.

(C:\Users\VivoBook\scoop\apps\miktex\current\texmfs\install\tex/latex/psnfss\ts
1ppl.fd
File: ts1ppl.fd 2001/06/04 font definitions for TS1/ppl.
)
Underfull \hbox (badness 3590) in paragraph at lines 56--56
\T1/ppl/m/n/7 (+20) Submitted to \T1/ppl/m/it/7 (+20) Jour-nal Not Spec-i-fied
 []


Underfull \hbox (badness 10000) in paragraph at lines 56--56
\T1/ppl/m/n/7 (+20) un-der the terms and con-di-tions
 []


Underfull \hbox (badness 10000) in paragraph at lines 56--56
\T1/ppl/m/n/7 (+20) of the Cre-ative Com-mons Attri-
 []


Underfull \hbox (badness 8019) in paragraph at lines 56--56
\T1/ppl/m/n/7 (+20) bu-tion (CC BY) li-cense ([][]https://[][]
 []


Underfull \hbox (badness 10000) in paragraph at lines 56--56
[][]\T1/ppl/m/n/7 (+20) creativecommons.org/licenses/by/[][]
 []

LaTeX Font Info:    Trying to load font information for OT1+ppl on input line 5
6.

(C:\Users\VivoBook\scoop\apps\miktex\current\texmfs\install\tex/latex/psnfss\ot
1ppl.fd
File: ot1ppl.fd 2001/06/04 font definitions for OT1/ppl.
)
LaTeX Font Info:    Trying to load font information for OML+zplm on input line 
56.

(C:\Users\VivoBook\scoop\apps\miktex\current\texmfs\install\tex/latex/psnfss\om
lzplm.fd
File: omlzplm.fd 2002/09/08 Fontinst v1.914 font definitions for OML/zplm.
)
LaTeX Font Info:    Trying to load font information for OMS+zplm on input line 
56.

(C:\Users\VivoBook\scoop\apps\miktex\current\texmfs\install\tex/latex/psnfss\om
szplm.fd
File: omszplm.fd 2002/09/08 Fontinst v1.914 font definitions for OMS/zplm.
)
LaTeX Font Info:    Trying to load font information for OMX+zplm on input line 
56.

(C:\Users\VivoBook\scoop\apps\miktex\current\texmfs\install\tex/latex/psnfss\om
xzplm.fd
File: omxzplm.fd 2002/09/08 Fontinst v1.914 font definitions for OMX/zplm.
)
LaTeX Font Info:    Font shape `U/msa/m/n' will be
(Font)              scaled to size 10.42007pt on input line 56.

(C:\Users\VivoBook\scoop\apps\miktex\current\texmfs\install\tex/latex/microtype
\mt-msa.cfg
File: mt-msa.cfg 2006/02/04 v1.1 microtype config. file: AMS symbols (a) (RS)
)
LaTeX Font Info:    Font shape `U/msa/m/n' will be
(Font)              scaled to size 7.91925pt on input line 56.
LaTeX Font Info:    Font shape `U/msa/m/n' will be
(Font)              scaled to size 6.25204pt on input line 56.
LaTeX Font Info:    Font shape `U/msb/m/n' will be
(Font)              scaled to size 10.42007pt on input line 56.

(C:\Users\VivoBook\scoop\apps\miktex\current\texmfs\install\tex/latex/microtype
\mt-msb.cfg
File: mt-msb.cfg 2005/06/01 v1.0 microtype config. file: AMS symbols (b) (RS)
)
LaTeX Font Info:    Font shape `U/msb/m/n' will be
(Font)              scaled to size 7.91925pt on input line 56.
LaTeX Font Info:    Font shape `U/msb/m/n' will be
(Font)              scaled to size 6.25204pt on input line 56.
LaTeX Font Info:    Trying to load font information for OT1+zplm on input line 
56.

(C:\Users\VivoBook\scoop\apps\miktex\current\texmfs\install\tex/latex/psnfss\ot
1zplm.fd
File: ot1zplm.fd 2002/09/08 Fontinst v1.914 font definitions for OT1/zplm.
)
Package microtype Info: Loading generic protrusion settings for font family
(microtype)             `zplm' (encoding: OT1).
(microtype)             For optimal results, create family-specific settings.
(microtype)             See the microtype manual for details.

(C:\Users\VivoBook\scoop\apps\miktex\current\texmfs\install\tex/latex/microtype
\mt-eur.cfg
File: mt-eur.cfg 2006/07/31 v1.1 microtype config. file: AMS Euler Roman (RS)
)
LaTeX Font Info:    Redeclaring symbol font `AMSb' on input line 56.
LaTeX Font Info:    Overwriting symbol font `AMSb' in version `normal'
(Font)                  U/msb/m/n --> U/msb/m/n on input line 56.
LaTeX Font Info:    Overwriting symbol font `AMSb' in version `bold'
(Font)                  U/msb/m/n --> U/msb/m/n on input line 56.
Package marginnote Info: Margin note 1.1 is on absolute page 1 on input line 56
.
Package marginnote Info: right page because not two side mode on input line 56.


Overfull \hbox (24.9262pt too wide) in paragraph at lines 56--56
[][]\T1/ppl/m/n/7 (-20) https://www.mdpi.com/journal/notspecified[][] 
 []


Underfull \hbox (badness 3590) in paragraph at lines 56--56
\T1/ppl/m/n/7 (+20) Submitted to \T1/ppl/m/it/7 (+20) Jour-nal Not Spec-i-fied
 []


Underfull \hbox (badness 10000) in paragraph at lines 56--56
\T1/ppl/m/n/7 (+20) un-der the terms and con-di-tions
 []


Underfull \hbox (badness 10000) in paragraph at lines 56--56
\T1/ppl/m/n/7 (+20) of the Cre-ative Com-mons Attri-
 []


Underfull \hbox (badness 8019) in paragraph at lines 56--56
\T1/ppl/m/n/7 (+20) bu-tion (CC BY) li-cense ([][]https://[][]
 []


Underfull \hbox (badness 10000) in paragraph at lines 56--56
[][]\T1/ppl/m/n/7 (+20) creativecommons.org/licenses/by/[][]
 []

Package marginnote Info: xpos seems to be 167.01753pt on input line 56.
Package epstopdf Info: Source file: <Definitions/logo-mdpi.eps>
(epstopdf)                    date: 2026-09-18 19:01:44
(epstopdf)                    size: 563678 bytes
(epstopdf)             Output file: <Definitions/logo-mdpi-eps-converted-to.pdf
>
(epstopdf)                    date: 2026-09-18 19:03:12
(epstopdf)                    size: 13253 bytes
(epstopdf)             Command: <miktex-epstopdf --outfile=Definitions/logo-mdp
i-eps-converted-to.pdf Definitions/logo-mdpi.eps>
(epstopdf)             \includegraphics on input line 56.
Package epstopdf Info: Output file is already uptodate.
<Definitions/logo-mdpi-eps-converted-to.pdf, id=161, 74.2775pt x 49.18375pt>
File: Definitions/logo-mdpi-eps-converted-to.pdf Graphic file (type pdf)
<use Definitions/logo-mdpi-eps-converted-to.pdf>
Package pdftex.def Info: Definitions/logo-mdpi-eps-converted-to.pdf  used on in
put line 56.
(pdftex.def)             Requested size: 42.96877pt x 28.45274pt.
<Definitions/logo-orcid.pdf, id=163, 102.3825pt x 102.3825pt>
File: Definitions/logo-orcid.pdf Graphic file (type pdf)
<use Definitions/logo-orcid.pdf>
Package pdftex.def Info: Definitions/logo-orcid.pdf  used on input line 56.
(pdftex.def)             Requested size: 9.10509pt x 9.10466pt.
LaTeX Font Info:    Font shape `U/msa/m/n' will be
(Font)              scaled to size 8.33606pt on input line 56.
LaTeX Font Info:    Font shape `U/msa/m/n' will be
(Font)              scaled to size 5.21004pt on input line 56.
LaTeX Font Info:    Font shape `U/msb/m/n' will be
(Font)              scaled to size 8.33606pt on input line 56.
LaTeX Font Info:    Font shape `U/msb/m/n' will be
(Font)              scaled to size 5.21004pt on input line 56.
Package microtype Info: Loading generic protrusion settings for font family
(microtype)             `cmss' (encoding: T1).
(microtype)             For optimal results, create family-specific settings.
(microtype)             See the microtype manual for details.

Package fancyhdr Warning: \headheight is too small (12.0pt): 
(fancyhdr)                Make it at least 20.0pt, for example:
(fancyhdr)                \setlength{\headheight}{20.0pt}.
(fancyhdr)                You might also make \topmargin smaller:
(fancyhdr)                \addtolength{\topmargin}{-8.0pt}.

[1

{C:/Users/VivoBook/scoop/apps/miktex/current/texmfs/data/fonts/map/pdftex/pdfte
x.map}{C:/Users/VivoBook/scoop/apps/miktex/current/texmfs/install/fonts/enc/dvi
ps/base/8r.enc} <./Definitions/logo-mdpi-eps-converted-to.pdf> <./Definitions/l
ogo-orcid.pdf>]

Package fancyhdr Warning: \headheight is too small (12.0pt): 
(fancyhdr)                Make it at least 16.18796pt, for example:
(fancyhdr)                \setlength{\headheight}{16.18796pt}.
(fancyhdr)                You might also make \topmargin smaller:
(fancyhdr)                \addtolength{\topmargin}{-4.18796pt}.

[2]

Package fancyhdr Warning: \headheight is too small (12.0pt): 
(fancyhdr)                Make it at least 16.18796pt, for example:
(fancyhdr)                \setlength{\headheight}{16.18796pt}.
(fancyhdr)                You might also make \topmargin smaller:
(fancyhdr)                \addtolength{\topmargin}{-4.18796pt}.

[3]

Package fancyhdr Warning: \headheight is too small (12.0pt): 
(fancyhdr)                Make it at least 16.18796pt, for example:
(fancyhdr)                \setlength{\headheight}{16.18796pt}.
(fancyhdr)                You might also make \topmargin smaller:
(fancyhdr)                \addtolength{\topmargin}{-4.18796pt}.

[4]

Package fancyhdr Warning: \headheight is too small (12.0pt): 
(fancyhdr)                Make it at least 16.18796pt, for example:
(fancyhdr)                \setlength{\headheight}{16.18796pt}.
(fancyhdr)                You might also make \topmargin smaller:
(fancyhdr)                \addtolength{\topmargin}{-4.18796pt}.

[5]

Package fancyhdr Warning: \headheight is too small (12.0pt): 
(fancyhdr)                Make it at least 16.18796pt, for example:
(fancyhdr)                \setlength{\headheight}{16.18796pt}.
(fancyhdr)                You might also make \topmargin smaller:
(fancyhdr)                \addtolength{\topmargin}{-4.18796pt}.

[6]

Package fancyhdr Warning: \headheight is too small (12.0pt): 
(fancyhdr)                Make it at least 16.18796pt, for example:
(fancyhdr)                \setlength{\headheight}{16.18796pt}.
(fancyhdr)                You might also make \topmargin smaller:
(fancyhdr)                \addtolength{\topmargin}{-4.18796pt}.

[7]

Package fancyhdr Warning: \headheight is too small (12.0pt): 
(fancyhdr)                Make it at least 16.18796pt, for example:
(fancyhdr)                \setlength{\headheight}{16.18796pt}.
(fancyhdr)                You might also make \topmargin smaller:
(fancyhdr)                \addtolength{\topmargin}{-4.18796pt}.

[8]
<Figures/architecture.png, id=321, 685.908pt x 348.21pt>
File: Figures/architecture.png Graphic file (type png)
<use Figures/architecture.png>
Package pdftex.def Info: Figures/architecture.png  used on input line 141.
(pdftex.def)             Requested size: 394.35522pt x 200.19794pt.

Underfull \hbox (badness 10000) in paragraph at lines 154--154
[]|\T1/ppl/b/n/8 (+20) Contribución al apren-
 []


Underfull \hbox (badness 10000) in paragraph at lines 156--156
[]|\T1/ppl/m/n/8 (+20) Detección lo-cal en
 []


Underfull \hbox (badness 10000) in paragraph at lines 157--157
[]|\T1/ppl/m/n/8 (+20) Aprendizaje co-lab-o-ra-
 []


Underfull \hbox (badness 10000) in paragraph at lines 157--157
[]|\T1/ppl/m/n/8 (+20) Transforma las ob-ser-va-
 []


Underfull \hbox (badness 10000) in paragraph at lines 157--158
[]|\T1/ppl/m/n/8 (+20) Desacopla la in-fer-en-cia del en-tre-
 []


Underfull \hbox (badness 10000) in paragraph at lines 158--158
[]|\T1/ppl/m/n/8 (+20) Consolida las ac-tu-al-iza-
 []


Overfull \hbox (1.29132pt too wide) in paragraph at lines 152--161
 [][] 
 []


Package fancyhdr Warning: \headheight is too small (12.0pt): 
(fancyhdr)                Make it at least 16.18796pt, for example:
(fancyhdr)                \setlength{\headheight}{16.18796pt}.
(fancyhdr)                You might also make \topmargin smaller:
(fancyhdr)                \addtolength{\topmargin}{-4.18796pt}.

[9 <./Figures/architecture.png>]

Package fancyhdr Warning: \headheight is too small (12.0pt): 
(fancyhdr)                Make it at least 16.18796pt, for example:
(fancyhdr)                \setlength{\headheight}{16.18796pt}.
(fancyhdr)                You might also make \topmargin smaller:
(fancyhdr)                \addtolength{\topmargin}{-4.18796pt}.

[10]

Package fancyhdr Warning: \headheight is too small (12.0pt): 
(fancyhdr)                Make it at least 16.18796pt, for example:
(fancyhdr)                \setlength{\headheight}{16.18796pt}.
(fancyhdr)                You might also make \topmargin smaller:
(fancyhdr)                \addtolength{\topmargin}{-4.18796pt}.

[11]

Package fancyhdr Warning: \headheight is too small (12.0pt): 
(fancyhdr)                Make it at least 16.18796pt, for example:
(fancyhdr)                \setlength{\headheight}{16.18796pt}.
(fancyhdr)                You might also make \topmargin smaller:
(fancyhdr)                \addtolength{\topmargin}{-4.18796pt}.

[12]
<Figures/Hierarchical Federated Learning Workflow.png, id=386, 685.908pt x 348.
21pt>
File: Figures/Hierarchical Federated Learning Workflow.png Graphic file (type p
ng)
<use Figures/Hierarchical Federated Learning Workflow.png>
Package pdftex.def Info: Figures/Hierarchical Federated Learning Workflow.png  
used on input line 204.
(pdftex.def)             Requested size: 394.35522pt x 200.19794pt.


Package fancyhdr Warning: \headheight is too small (12.0pt): 
(fancyhdr)                Make it at least 16.18796pt, for example:
(fancyhdr)                \setlength{\headheight}{16.18796pt}.
(fancyhdr)                You might also make \topmargin smaller:
(fancyhdr)                \addtolength{\topmargin}{-4.18796pt}.

[13 <./Figures/Hierarchical Federated Learning Workflow.png>]

Package fancyhdr Warning: \headheight is too small (12.0pt): 
(fancyhdr)                Make it at least 16.18796pt, for example:
(fancyhdr)                \setlength{\headheight}{16.18796pt}.
(fancyhdr)                You might also make \topmargin smaller:
(fancyhdr)                \addtolength{\topmargin}{-4.18796pt}.

[14]

Package fancyhdr Warning: \headheight is too small (12.0pt): 
(fancyhdr)                Make it at least 16.18796pt, for example:
(fancyhdr)                \setlength{\headheight}{16.18796pt}.
(fancyhdr)                You might also make \topmargin smaller:
(fancyhdr)                \addtolength{\topmargin}{-4.18796pt}.

[15]
<Figures/experimental_workflow.png, id=419, 798.255pt x 236.52pt>
File: Figures/experimental_workflow.png Graphic file (type png)
<use Figures/experimental_workflow.png>
Package pdftex.def Info: Figures/experimental_workflow.png  used on input line 
240.
(pdftex.def)             Requested size: 394.35522pt x 116.84497pt.


Package fancyhdr Warning: \headheight is too small (12.0pt): 
(fancyhdr)                Make it at least 16.18796pt, for example:
(fancyhdr)                \setlength{\headheight}{16.18796pt}.
(fancyhdr)                You might also make \topmargin smaller:
(fancyhdr)                \addtolength{\topmargin}{-4.18796pt}.

[16 <./Figures/experimental_workflow.png>]

Package fancyhdr Warning: \headheight is too small (12.0pt): 
(fancyhdr)                Make it at least 16.18796pt, for example:
(fancyhdr)                \setlength{\headheight}{16.18796pt}.
(fancyhdr)                You might also make \topmargin smaller:
(fancyhdr)                \addtolength{\topmargin}{-4.18796pt}.

[17]
Package microtype Info: Loading generic protrusion settings for font family
(microtype)             `cmtt' (encoding: T1).
(microtype)             For optimal results, create family-specific settings.
(microtype)             See the microtype manual for details.


Package fancyhdr Warning: \headheight is too small (12.0pt): 
(fancyhdr)                Make it at least 16.18796pt, for example:
(fancyhdr)                \setlength{\headheight}{16.18796pt}.
(fancyhdr)                You might also make \topmargin smaller:
(fancyhdr)                \addtolength{\topmargin}{-4.18796pt}.

[18]
Underfull \hbox (badness 10000) in paragraph at lines 369--369
[]|\T1/ppl/m/n/8 (+20) Raspberry Pi 4
 []


Underfull \hbox (badness 2126) in paragraph at lines 369--369
\T1/ppl/m/n/8 (+20) en-tre-namiento, agre-gación re-
 []


Overfull \hbox (2.93121pt too wide) in paragraph at lines 359--376
 [][] 
 []


Underfull \hbox (badness 10000) in paragraph at lines 395--395
[]|\T1/ppl/m/n/8 (+20) TensorFlow/Keras, Mosquitto
 []


Package fancyhdr Warning: \headheight is too small (12.0pt): 
(fancyhdr)                Make it at least 16.18796pt, for example:
(fancyhdr)                \setlength{\headheight}{16.18796pt}.
(fancyhdr)                You might also make \topmargin smaller:
(fancyhdr)                \addtolength{\topmargin}{-4.18796pt}.

[19]
<Figures/Model_Selection.png, id=470, 798.255pt x 292.365pt>
File: Figures/Model_Selection.png Graphic file (type png)
<use Figures/Model_Selection.png>
Package pdftex.def Info: Figures/Model_Selection.png  used on input line 415.
(pdftex.def)             Requested size: 394.35522pt x 144.43338pt.


Package fancyhdr Warning: \headheight is too small (12.0pt): 
(fancyhdr)                Make it at least 16.18796pt, for example:
(fancyhdr)                \setlength{\headheight}{16.18796pt}.
(fancyhdr)                You might also make \topmargin smaller:
(fancyhdr)                \addtolength{\topmargin}{-4.18796pt}.

[20]
<Figures/experimental_protocol.png, id=480, 798.255pt x 236.52pt>
File: Figures/experimental_protocol.png Graphic file (type png)
<use Figures/experimental_protocol.png>
Package pdftex.def Info: Figures/experimental_protocol.png  used on input line 
427.
(pdftex.def)             Requested size: 394.35522pt x 116.84497pt.


Package fancyhdr Warning: \headheight is too small (12.0pt): 
(fancyhdr)                Make it at least 16.18796pt, for example:
(fancyhdr)                \setlength{\headheight}{16.18796pt}.
(fancyhdr)                You might also make \topmargin smaller:
(fancyhdr)                \addtolength{\topmargin}{-4.18796pt}.

[21 <./Figures/Model_Selection.png> <./Figures/experimental_protocol.png>]

Package fancyhdr Warning: \headheight is too small (12.0pt): 
(fancyhdr)                Make it at least 16.18796pt, for example:
(fancyhdr)                \setlength{\headheight}{16.18796pt}.
(fancyhdr)                You might also make \topmargin smaller:
(fancyhdr)                \addtolength{\topmargin}{-4.18796pt}.

[22]

Package fancyhdr Warning: \headheight is too small (12.0pt): 
(fancyhdr)                Make it at least 16.18796pt, for example:
(fancyhdr)                \setlength{\headheight}{16.18796pt}.
(fancyhdr)                You might also make \topmargin smaller:
(fancyhdr)                \addtolength{\topmargin}{-4.18796pt}.

[23]
Underfull \hbox (badness 4403) in paragraph at lines 601--601
[]|\T1/ppl/m/n/9 (+20) Evaluar el de-sem-peño
 []


Underfull \hbox (badness 4569) in paragraph at lines 601--601
\T1/ppl/m/n/9 (+20) global del sis-tema de
 []


Underfull \hbox (badness 4479) in paragraph at lines 601--601
\T1/ppl/m/n/9 (+20) el de-sem-peño del sis-
 []


Underfull \hbox (badness 2635) in paragraph at lines 601--601
[]|\T1/ppl/m/n/9 (+20) Arquitectura de apren-
 []


Underfull \hbox (badness 2717) in paragraph at lines 601--601
[]|\T1/ppl/m/n/9 (+20) Comparación en-tre las ar-qui-
 []


Underfull \hbox (badness 10000) in paragraph at lines 601--601
[]|\T1/ppl/m/n/9 (+20) Modelo de in-fer-en-cia
 []


Package fancyhdr Warning: \headheight is too small (12.0pt): 
(fancyhdr)                Make it at least 16.18796pt, for example:
(fancyhdr)                \setlength{\headheight}{16.18796pt}.
(fancyhdr)                You might also make \topmargin smaller:
(fancyhdr)                \addtolength{\topmargin}{-4.18796pt}.

[24]
Underfull \hbox (badness 3000) in paragraph at lines 637--637
\T1/ppl/m/n/9 (+20) de de-tec-ción de in-tru-
 []


Underfull \hbox (badness 4168) in paragraph at lines 637--637
[]|\T1/ppl/m/n/9 (+20) Desempeño del apren-
 []


Underfull \hbox (badness 10000) in paragraph at lines 637--637
[]|\T1/ppl/m/n/9 (+20) Desempeño del de-
 []


Package fancyhdr Warning: \headheight is too small (12.0pt): 
(fancyhdr)                Make it at least 16.18796pt, for example:
(fancyhdr)                \setlength{\headheight}{16.18796pt}.
(fancyhdr)                You might also make \topmargin smaller:
(fancyhdr)                \addtolength{\topmargin}{-4.18796pt}.

[25]
<Figures/fl_evaluation_framework.png, id=526, 685.908pt x 292.365pt>
File: Figures/fl_evaluation_framework.png Graphic file (type png)
<use Figures/fl_evaluation_framework.png>
Package pdftex.def Info: Figures/fl_evaluation_framework.png  used on input lin
e 669.
(pdftex.def)             Requested size: 394.35522pt x 168.09073pt.


Package fancyhdr Warning: \headheight is too small (12.0pt): 
(fancyhdr)                Make it at least 16.18796pt, for example:
(fancyhdr)                \setlength{\headheight}{16.18796pt}.
(fancyhdr)                You might also make \topmargin smaller:
(fancyhdr)                \addtolength{\topmargin}{-4.18796pt}.

[26 <./Figures/fl_evaluation_framework.png>]

Package fancyhdr Warning: \headheight is too small (12.0pt): 
(fancyhdr)                Make it at least 16.18796pt, for example:
(fancyhdr)                \setlength{\headheight}{16.18796pt}.
(fancyhdr)                You might also make \topmargin smaller:
(fancyhdr)                \addtolength{\topmargin}{-4.18796pt}.

[27]

Package fancyhdr Warning: \headheight is too small (12.0pt): 
(fancyhdr)                Make it at least 16.18796pt, for example:
(fancyhdr)                \setlength{\headheight}{16.18796pt}.
(fancyhdr)                You might also make \topmargin smaller:
(fancyhdr)                \addtolength{\topmargin}{-4.18796pt}.

[28]

Package fancyhdr Warning: \headheight is too small (12.0pt): 
(fancyhdr)                Make it at least 16.18796pt, for example:
(fancyhdr)                \setlength{\headheight}{16.18796pt}.
(fancyhdr)                You might also make \topmargin smaller:
(fancyhdr)                \addtolength{\topmargin}{-4.18796pt}.

[29]
<Figures/convergence_English.png, id=557, 1084.05pt x 433.62pt>
File: Figures/convergence_English.png Graphic file (type png)
<use Figures/convergence_English.png>
Package pdftex.def Info: Figures/convergence_English.png  used on input line 76
2.
(pdftex.def)             Requested size: 394.35522pt x 157.74397pt.
<Figures/Stability_English.png, id=559, 1445.4pt x 361.35pt>
File: Figures/Stability_English.png Graphic file (type png)
<use Figures/Stability_English.png>
Package pdftex.def Info: Figures/Stability_English.png  used on input line 771.

(pdftex.def)             Requested size: 394.35522pt x 98.58585pt.


Package fancyhdr Warning: \headheight is too small (12.0pt): 
(fancyhdr)                Make it at least 16.18796pt, for example:
(fancyhdr)                \setlength{\headheight}{16.18796pt}.
(fancyhdr)                You might also make \topmargin smaller:
(fancyhdr)                \addtolength{\topmargin}{-4.18796pt}.

[30 <./Figures/convergence_English.png> <./Figures/Stability_English.png>]
Overfull \hbox (28.1122pt too wide) in paragraph at lines 792--815
 [][] 
 []


Package fancyhdr Warning: \headheight is too small (12.0pt): 
(fancyhdr)                Make it at least 16.18796pt, for example:
(fancyhdr)                \setlength{\headheight}{16.18796pt}.
(fancyhdr)                You might also make \topmargin smaller:
(fancyhdr)                \addtolength{\topmargin}{-4.18796pt}.

[31]

Package fancyhdr Warning: \headheight is too small (12.0pt): 
(fancyhdr)                Make it at least 16.18796pt, for example:
(fancyhdr)                \setlength{\headheight}{16.18796pt}.
(fancyhdr)                You might also make \topmargin smaller:
(fancyhdr)                \addtolength{\topmargin}{-4.18796pt}.

[32]
<Figures/Round_Duration_English.png, id=580, 867.24pt x 433.62pt>
File: Figures/Round_Duration_English.png Graphic file (type png)
<use Figures/Round_Duration_English.png>
Package pdftex.def Info: Figures/Round_Duration_English.png  used on input line
 836.
(pdftex.def)             Requested size: 394.35522pt x 197.17831pt.


Package fancyhdr Warning: \headheight is too small (12.0pt): 
(fancyhdr)                Make it at least 16.18796pt, for example:
(fancyhdr)                \setlength{\headheight}{16.18796pt}.
(fancyhdr)                You might also make \topmargin smaller:
(fancyhdr)                \addtolength{\topmargin}{-4.18796pt}.

[33 <./Figures/Round_Duration_English.png>]
<Figures/Crypto_Latency_English.png, id=590, 939.51pt x 433.62pt>
File: Figures/Crypto_Latency_English.png Graphic file (type png)
<use Figures/Crypto_Latency_English.png>
Package pdftex.def Info: Figures/Crypto_Latency_English.png  used on input line
 876.
(pdftex.def)             Requested size: 394.35522pt x 182.00667pt.
<Figures/Payload_Overhead_English.png, id=593, 1084.05pt x 433.62pt>
File: Figures/Payload_Overhead_English.png Graphic file (type png)
<use Figures/Payload_Overhead_English.png>
Package pdftex.def Info: Figures/Payload_Overhead_English.png  used on input li
ne 906.
(pdftex.def)             Requested size: 394.35522pt x 157.74397pt.


Package fancyhdr Warning: \headheight is too small (12.0pt): 
(fancyhdr)                Make it at least 16.18796pt, for example:
(fancyhdr)                \setlength{\headheight}{16.18796pt}.
(fancyhdr)                You might also make \topmargin smaller:
(fancyhdr)                \addtolength{\topmargin}{-4.18796pt}.

[34 <./Figures/Crypto_Latency_English.png>]

Package fancyhdr Warning: \headheight is too small (12.0pt): 
(fancyhdr)                Make it at least 16.18796pt, for example:
(fancyhdr)                \setlength{\headheight}{16.18796pt}.
(fancyhdr)                You might also make \topmargin smaller:
(fancyhdr)                \addtolength{\topmargin}{-4.18796pt}.

[35 <./Figures/Payload_Overhead_English.png>]
Overfull \hbox (0.75368pt too wide) in paragraph at lines 946--947
\T1/ppl/m/n/10 (-20) desde una per-spec-tiva que tra-sciende la eval-u-ación in
-di-vid-ual de sus com-po-nentes. Aunque
 []


Package fancyhdr Warning: \headheight is too small (12.0pt): 
(fancyhdr)                Make it at least 16.18796pt, for example:
(fancyhdr)                \setlength{\headheight}{16.18796pt}.
(fancyhdr)                You might also make \topmargin smaller:
(fancyhdr)                \addtolength{\topmargin}{-4.18796pt}.

[36]
Overfull \hbox (43.64261pt too wide) in paragraph at lines 966--983
 [][] 
 []


Package fancyhdr Warning: \headheight is too small (12.0pt): 
(fancyhdr)                Make it at least 16.18796pt, for example:
(fancyhdr)                \setlength{\headheight}{16.18796pt}.
(fancyhdr)                You might also make \topmargin smaller:
(fancyhdr)                \addtolength{\topmargin}{-4.18796pt}.

[37]

Package fancyhdr Warning: \headheight is too small (12.0pt): 
(fancyhdr)                Make it at least 16.18796pt, for example:
(fancyhdr)                \setlength{\headheight}{16.18796pt}.
(fancyhdr)                You might also make \topmargin smaller:
(fancyhdr)                \addtolength{\topmargin}{-4.18796pt}.

[38]

Package fancyhdr Warning: \headheight is too small (12.0pt): 
(fancyhdr)                Make it at least 16.18796pt, for example:
(fancyhdr)                \setlength{\headheight}{16.18796pt}.
(fancyhdr)                You might also make \topmargin smaller:
(fancyhdr)                \addtolength{\topmargin}{-4.18796pt}.

[39]
Underfull \hbox (badness 10000) in paragraph at lines 1052--1052

 []


Package fancyhdr Warning: \headheight is too small (12.0pt): 
(fancyhdr)                Make it at least 16.18796pt, for example:
(fancyhdr)                \setlength{\headheight}{16.18796pt}.
(fancyhdr)                You might also make \topmargin smaller:
(fancyhdr)                \addtolength{\topmargin}{-4.18796pt}.

[40]

Package fancyhdr Warning: \headheight is too small (12.0pt): 
(fancyhdr)                Make it at least 16.18796pt, for example:
(fancyhdr)                \setlength{\headheight}{16.18796pt}.
(fancyhdr)                You might also make \topmargin smaller:
(fancyhdr)                \addtolength{\topmargin}{-4.18796pt}.

[41]

Package fancyhdr Warning: \headheight is too small (12.0pt): 
(fancyhdr)                Make it at least 16.18796pt, for example:
(fancyhdr)                \setlength{\headheight}{16.18796pt}.
(fancyhdr)                You might also make \topmargin smaller:
(fancyhdr)                \addtolength{\topmargin}{-4.18796pt}.

[42] 
enddocument/afterlastpage (AED): lastpage setting LastPage.
(paper.aux)
 ***********
LaTeX2e <2025-11-01>
L3 programming layer <2025-12-24>
 ***********
Package rerunfilecheck Info: File `paper.out' has not changed.
(rerunfilecheck)             Checksum: 9753CB58F2321A721DCF27EE8F0130E7;9312.
 ) 
Here is how much of TeX's memory you used:
 34518 strings out of 467871
 651732 string characters out of 5411582
 1139977 words of memory out of 5000000
 62013 multiletter control sequences out of 15000+600000
 712251 words of font info for 557 fonts, out of 8000000 for 9000
 1141 hyphenation exceptions out of 8191
 123i,13n,121p,2172b,807s stack positions out of 10000i,1000n,20000p,200000b,200000s
 <C:\Users\VivoBook\scoop\apps\miktex\current\texmfs/data\fonts/pk/ljfour/jkn
appen/ec/dpi600\ectt0800.pk> <C:\Users\VivoBook\scoop\apps\miktex\current\texmf
s/data\fonts/pk/ljfour/jknappen/ec/dpi375\ecss0800.pk><C:/Users/VivoBook/scoop/
apps/miktex/current/texmfs/install/fonts/type1/public/amsfonts/cm/cmmi10.pfb><C
:/Users/VivoBook/scoop/apps/miktex/current/texmfs/install/fonts/type1/public/am
sfonts/cm/cmr10.pfb><C:/Users/VivoBook/scoop/apps/miktex/current/texmfs/install
/fonts/type1/public/amsfonts/cm/cmsy10.pfb><C:/Users/VivoBook/scoop/apps/miktex
/current/texmfs/install/fonts/type1/public/amsfonts/symbols/msam10.pfb><C:/User
s/VivoBook/scoop/apps/miktex/current/texmfs/install/fonts/type1/urw/palatino/up
lb8a.pfb><C:/Users/VivoBook/scoop/apps/miktex/current/texmfs/install/fonts/type
1/urw/palatino/uplr8a.pfb><C:/Users/VivoBook/scoop/apps/miktex/current/texmfs/i
nstall/fonts/type1/urw/palatino/uplri8a.pfb>
Output written on paper.pdf (42 pages, 1638836 bytes).
PDF statistics:
 761 PDF objects out of 1000 (max. 8388607)
 153 named destinations out of 1000 (max. 500000)
 102262 words of extra memory for PDF output out of 106986 (max. 10000000)

